// Jest Snapshot v1, https://goo.gl/fbAQLP

exports[`ReviewsList should render ReviewsList correctly 1`] = `
<ul
  className="reviews__list"
>
  <li
    className="reviews__item"
  >
    <div
      className="reviews__user user"
    >
      <div
        className="reviews__avatar-wrapper user__avatar-wrapper"
      >
        <img
          alt="Reviews avatar"
          className="reviews__avatar user__avatar"
          height="54"
          src="/user1_avatar"
          width="54"
        />
      </div>
      <span
        className="reviews__user-name"
      >
        Anna
      </span>
    </div>
    <div
      className="reviews__info"
    >
      <div
        className="reviews__rating rating"
      >
        <div
          className="reviews__stars rating__stars"
        >
          <span
            style={
              Object {
                "width": "80%",
              }
            }
          />
          <span
            className="visually-hidden"
          >
            Rating
          </span>
        </div>
      </div>
      <p
        className="reviews__text"
      >
        What an amazing view! The house is stunning and in an amazing location. The large glass wall had an amazing view of the river!
      </p>
      <time
        className="reviews__time"
        dateTime="2020:08:01T21:23"
      >
        August 2020
      </time>
    </div>
  </li>
  <li
    className="reviews__item"
  >
    <div
      className="reviews__user user"
    >
      <div
        className="reviews__avatar-wrapper user__avatar-wrapper"
      >
        <img
          alt="Reviews avatar"
          className="reviews__avatar user__avatar"
          height="54"
          src="/user2_avatar"
          width="54"
        />
      </div>
      <span
        className="reviews__user-name"
      >
        Peter
      </span>
    </div>
    <div
      className="reviews__info"
    >
      <div
        className="reviews__rating rating"
      >
        <div
          className="reviews__stars rating__stars"
        >
          <span
            style={
              Object {
                "width": "100%",
              }
            }
          />
          <span
            className="visually-hidden"
          >
            Rating
          </span>
        </div>
      </div>
      <p
        className="reviews__text"
      >
        Bathed in the nature. Completely unplugged. Unforgettable.
      </p>
      <time
        className="reviews__time"
        dateTime="2020:05:12T14:45"
      >
        May 2020
      </time>
    </div>
  </li>
</ul>
`;
