// Jest Snapshot v1, https://goo.gl/fbAQLP

exports[`should render HOC withActiveIndex correct 1`] = `<div />`;
